--- FAIL: TestMonkey (32.68s)
    monkey_test.go:48: CHEMONKEY_SEED=1790596087503384000
    --- FAIL: TestMonkey/new_file (5.61s)
        monkey_test.go:197: che stderr:
        monkey_test.go:197: recent input (oldest first):
            "\x1b[<69;18;41M"
            " 0{\\C"
            "\x1b[D"
            "\x1b[I"
            "\x1bx"
            "n[Y{:世'"
            "\x1b[<8;80;20M\x1b[<8;80;20m\x1b[<8;80;20M\x1b[<8;80;20m"
            "7g"
            "\x1b[<8;33;29M\x1b[<8;33;29m\x1b[<8;33;29M\x1b[<8;33;29m"
            "t_9<"
            "\x1b[1;2D"
            "\x11"
            "?^"
            "\x1b[1;5D"
            "\x1b[1;5B"
            "\x1b/"
            "\x1b[<0;51;7M\x1b[<0;51;7m"
            "世"
            "\x1b/[a-z]+/X\r"
            "\x1b:w\r"
            "\x1b[2~"
            "\x1b[1;5C"
            "\x1b[<35;52;38M"
            "_S界_:"
            "\x1b[3~"
            "\x1b[200~\t;S)KCé:O4|~FS\x1b[201~"
            "J😀"
            "?9@"
            "NY^[=\""
            "H6"
            "\x1b[200~gEF#b😀éa()@8DZ8Mc\n\n;qZx\t(4x7>J1*_xwX7df[FGOyFl*2kam\n*B;/@4\n6:'0-?\nét{e!x6&FS)p{$tWt7]e2YA\n:Ié{dE*$:r1M\x1b[201~"
            "!n界"
            "\x1b[6~"
            "vroW{ZzS"
            "\x1b[1;2D"
            " on"
            "\x1b[1;3D"
            "WKжI -S"
            "fXrzvA_"
            "-!:"
            "/m9h"
            "\x1b[200~+ 3K'X,\nQ\nN3RR$\tp4WhN4 😀2q(\nIh:t|#O世oeVYc1mNxP\t]\nnb&%d\n1\x1b[201~"
            "Rf,éжC'"
            "\x14"
            "\a"
            "\x1b[1;5"
            "\x1b[200~xt]!(\t\\nI\tZRr{-@$😀v=\t8e09\t=O;DpS42?<FE世Zg^L(5GsA1Q世V!Iu\nQpCo\x1b[201~"
            "\x1bk"
            "```\r"
            "<*rLz!"
        monkey_test.go:194: editor log tail:
            2026/09/28 13:48:11 std.go:10: che-img: started, images: false
            2026/09/28 13:48:12 main.go:196: cannot show diff for /private/var/folders/kr/przxgqcn4gng2f34210sn3mc0000gn/T/TestMonkeynew_file2579076941/001/new.txt: could not run in a new pane: exit status 1, output: , script: 
            tell application "Ghostty"
                activate
                set targetTab to selected tab of front window
                set tabID to "monkey"
                if tabID is not "" then
                    repeat with w in windows
                        repeat with t in tabs of w
                            if id of t is tabID then set targetTab to t
                        end repeat
                    end repeat
                end if
                set currentTerm to focused terminal of targetTab
                set cfg to new surface configuration
                if tabID is not "" then set environment variables of cfg to {"CHE_TAB=" & tabID}
                set newPane to split currentTerm direction right with configuration cfg
                input text "git -C \"/private/var/folders/kr/przxgqcn4gng2f34210sn3mc0000gn/T/TestMonkeynew_file2579076941/001\" diff HEAD -- \"/private/var/folders/kr/przxgqcn4gng2f34210sn3mc0000gn/T/TestMonkeynew_file2579076941/001/new.txt\"" to newPane
                send key "enter" to newPane
            end tell
            2026/09/28 13:48:12 main.go:196: cannot show diff for /private/var/folders/kr/przxgqcn4gng2f34210sn3mc0000gn/T/TestMonkeynew_file2579076941/001/new.txt: could not run in a new pane: exit status 1, output: , script: 
            tell application "Ghostty"
                activate
                set targetTab to selected tab of front window
                set tabID to "monkey"
                if tabID is not "" then
                    repeat with w in windows
                        repeat with t in tabs of w
                            if id of t is tabID then set targetTab to t
                        end repeat
                    end repeat
                end if
                set currentTerm to focused terminal of targetTab
                set cfg to new surface configuration
                if tabID is not "" then set environment variables of cfg to {"CHE_TAB=" & tabID}
                set newPane to split currentTerm direction right with configuration cfg
                input text "git -C \"/private/var/folders/kr/przxgqcn4gng2f34210sn3mc0000gn/T/TestMonkeynew_file2579076941/001\" diff HEAD -- \"/private/var/folders/kr/przxgqcn4gng2f34210sn3mc0000gn/T/TestMonkeynew_file2579076941/001/new.txt\"" to newPane
                send key "enter" to newPane
            end tell
            2026/09/28 13:48:12 main.go:196: cannot show diff for /private/var/folders/kr/przxgqcn4gng2f34210sn3mc0000gn/T/TestMonkeynew_file2579076941/001/new.txt: could not run in a new pane: exit status 1, output: , script: 
            tell application "Ghostty"
                activate
                set targetTab to selected tab of front window
                set tabID to "monkey"
                if tabID is not "" then
                    repeat with w in windows
                        repeat with t in tabs of w
                            if id of t is tabID then set targetTab to t
                        end repeat
                    end repeat
                end if
                set currentTerm to focused terminal of targetTab
                set cfg to new surface configuration
                if tabID is not "" then set environment variables of cfg to {"CHE_TAB=" & tabID}
                set newPane to split currentTerm direction right with configuration cfg
                input text "git -C \"/private/var/folders/kr/przxgqcn4gng2f34210sn3mc0000gn/T/TestMonkeynew_file2579076941/001\" diff HEAD -- \"/private/var/folders/kr/przxgqcn4gng2f34210sn3mc0000gn/T/TestMonkeynew_file2579076941/001/new.txt\"" to newPane
                send key "enter" to newPane
            end tell
            2026/09/28 13:48:15 embed.go:17: session done 4.225593362s
        monkey_test.go:197: che exited: <nil>
FAIL
FAIL	rmazur.io/chernetka/cmd/che	35.749s
FAIL
